========================================
== Parallelization report
========================================
Number of variables: 			743
Number of constraints:			51
Time to solve: 					0.05s
Initiation interval: 			173056cc
Theorical throughput @ 200MHz: 	1155.70FPS

+---------------------+-------+-------+------+-----------+-----------+----------+----------+---------+--------+
| Layer name          | ICH   | OCH   | OW   | ich_ops   | och_ops   | ow_ops   | DSPs     |   PORTs | Iter   |
+=====================+=======+=======+======+===========+===========+==========+==========+=========+========+
| /model_0/conv/Conv  | 3     | 16    | 416  | 3         | 16        | 1        | 216 (2)  |       0 | 173056 |
+---------------------+-------+-------+------+-----------+-----------+----------+----------+---------+--------+
| /model_1/MaxPool    | 16    | 16    | 416  | 16        | 1         | 1        | 0 (1)    |       0 | 43264  |
+---------------------+-------+-------+------+-----------+-----------+----------+----------+---------+--------+
| /model_2/conv/Conv  | 16    | 32    | 208  | 8         | 8         | 2        | 576 (2)  |       0 | 173056 |
+---------------------+-------+-------+------+-----------+-----------+----------+----------+---------+--------+
| /model_3/MaxPool    | 32    | 32    | 208  | 16        | 1         | 1        | 0 (1)    |       0 | 21632  |
+---------------------+-------+-------+------+-----------+-----------+----------+----------+---------+--------+
| /model_4/conv/Conv  | 32    | 64    | 104  | 8         | 8         | 2        | 576 (2)  |      64 | 173056 |
+---------------------+-------+-------+------+-----------+-----------+----------+----------+---------+--------+
| /model_5/MaxPool    | 64    | 64    | 104  | 8         | 1         | 1        | 0 (1)    |       0 | 21632  |
+---------------------+-------+-------+------+-----------+-----------+----------+----------+---------+--------+
| /model_6/conv/Conv  | 64    | 128   | 52   | 8         | 8         | 2        | 576 (2)  |      64 | 173056 |
+---------------------+-------+-------+------+-----------+-----------+----------+----------+---------+--------+
| /model_7/MaxPool    | 128   | 128   | 52   | 8         | 1         | 1        | 0 (1)    |       0 | 10816  |
+---------------------+-------+-------+------+-----------+-----------+----------+----------+---------+--------+
| /model_8/conv/Conv  | 128   | 256   | 26   | 8         | 8         | 2        | 576 (2)  |      64 | 173056 |
+---------------------+-------+-------+------+-----------+-----------+----------+----------+---------+--------+
| /model_9/MaxPool    | 256   | 256   | 26   | 8         | 1         | 1        | 0 (1)    |       0 | 5408   |
+---------------------+-------+-------+------+-----------+-----------+----------+----------+---------+--------+
| /model_10/conv/Conv | 256   | 512   | 13   | 8         | 16        | 1        | 576 (2)  |     256 | 173056 |
+---------------------+-------+-------+------+-----------+-----------+----------+----------+---------+--------+
| /model_11/conv/Conv | 512   | 1024  | 13   | 32        | 16        | 1        | 2304 (2) |    1024 | 173056 |
+---------------------+-------+-------+------+-----------+-----------+----------+----------+---------+--------+
| /model_12/conv/Conv | 1024  | 256   | 13   | 16        | 16        | 1        | 128 (2)  |      57 | 173056 |
+---------------------+-------+-------+------+-----------+-----------+----------+----------+---------+--------+
| /model_13/conv/Conv | 256   | 512   | 13   | 8         | 16        | 1        | 576 (2)  |     256 | 173056 |
+---------------------+-------+-------+------+-----------+-----------+----------+----------+---------+--------+
| /model_14/conv/Conv | 256   | 128   | 13   | 8         | 4         | 1        | 16 (2)   |       8 | 173056 |
+---------------------+-------+-------+------+-----------+-----------+----------+----------+---------+--------+
| /model_17/conv/Conv | 384   | 256   | 26   | 24        | 16        | 1        | 1728 (2) |     384 | 173056 |
+---------------------+-------+-------+------+-----------+-----------+----------+----------+---------+--------+
| Totals              |       |       |      |           |           |          | 7848     |    2177 |        |
+---------------------+-------+-------+------+-----------+-----------+----------+----------+---------+--------+

========================================
== Memory report
========================================
The network should fit in the available resources

+--------------+---------------+--------+----------+--------+--------+
| Layer name   | Parallelism   | Bits   | Length   |   BRAM |   URAM |
+==============+===============+========+==========+========+========+
| node_conv_1  | 432           | 8      | 432      |      0 |      0 |
+--------------+---------------+--------+----------+--------+--------+
| node_conv_3  | 576           | 8      | 4608     |      0 |      0 |
+--------------+---------------+--------+----------+--------+--------+
| node_conv_5  | 576           | 8      | 18432    |     64 |      0 |
+--------------+---------------+--------+----------+--------+--------+
| node_conv_7  | 576           | 8      | 73728    |     64 |      0 |
+--------------+---------------+--------+----------+--------+--------+
| node_conv_9  | 576           | 8      | 294912   |     64 |      0 |
+--------------+---------------+--------+----------+--------+--------+
| node_conv_11 | 1152          | 8      | 1179648  |      0 |    128 |
+--------------+---------------+--------+----------+--------+--------+
| node_conv_12 | 4608          | 8      | 4718592  |      0 |    512 |
+--------------+---------------+--------+----------+--------+--------+
| node_conv_13 | 256           | 8      | 262144   |      0 |     28 |
+--------------+---------------+--------+----------+--------+--------+
| node_conv_14 | 1152          | 8      | 1179648  |      0 |    128 |
+--------------+---------------+--------+----------+--------+--------+
| node_conv_15 | 32            | 8      | 32768    |      0 |      3 |
+--------------+---------------+--------+----------+--------+--------+
| node_conv_18 | 3456          | 8      | 884736   |    384 |      0 |
+--------------+---------------+--------+----------+--------+--------+
| Totals       |               |        |          |    576 |    799 |
+--------------+---------------+--------+----------+--------+--------+

